=== V3 session start 2026-10-09T13:10:22+08:00 ===
---WP0: selftest---
[selftest:numpy] cov rel.err=1.36e-07  cg-vs-exact cos=1.0000  path L=0.5 -> (73, 1.75)  PASS
[selftest:torch] cov rel.err=1.24e-07  cg-vs-exact cos=1.0000  path L=0.5 -> (73, 1.75)  PASS
SELFTEST PASS

saved to runs/syn_v3_np/  (21s)

saved to runs/syn_v3_torch/  (59s)
reach_rate    0.00000
cf_mean       0.00003
kl_mean       0.00001
kl99_mean     0.00001
rd_mean       0.00000
steps_mean    0.00000
dtype: float64
# WP0
python steer_compare_v3.py --selftest
python steer_compare_v3.py --synthetic --backend numpy --n_ctx 10 --max_steps 100 --topk 1500 --out runs/syn_v3_np
python steer_compare_v3.py --synthetic --backend torch --n_ctx 10 --max_steps 100 --topk 1500 --out runs/syn_v3_torch
# WP1
git clone git@github.com:KihoPark/dual-steering.git /home/administrator/dev/ML/dual-steering
#   (numerical comparison scripts recorded in repro_check_raw.txt / repro_check_traj.txt / repro_check.md)
# WP2
for A in 1e-3 5e-3 2e-2 1e-1; do python steer_compare_v3.py --data_dir data/gemma1b --backend torch --topk 20000 --methods grid --alpha_abs $A --n_ctx 20 --seed 0 --out runs/gemma1b_v3/pilot_abs${A}; done
# WP4 prep (template expansion in extract_embeddings.py per task doc section 1.3)
# G0/G1 commit + tags
# forest-plot pandas-3 fix in aggregate.py; re-ran aggregate
python aggregate.py
#!/usr/bin/env bash
# WP4 + WP5 batch (commands mirrored in commands.log)
set -uo pipefail
PY=/home/administrator/dev/ML/lrg_env/bin/python
STAGE() { echo "=== [$(date +%H:%M:%S)] $1 ==="; }

STAGE "WP4 extraction: gemma-1b seeds 0/1/2 (expanded templates)"
for S in 0 1 2; do
  [ -f data/gemma1b_s$S/G.npy ] || $PY extract_embeddings.py --model google/gemma-3-1b-pt --dtype bfloat16 --seed $S --out_dir data/gemma1b_s$S
done
STAGE "WP4 extraction: gpt2 seeds 0/1/2 (expanded templates)"
for S in 0 1 2; do
  [ -f data/gpt2_s$S/G.npy ] || $PY extract_embeddings.py --model gpt2 --dtype float32 --seed $S --out_dir data/gpt2_s$S
done

STAGE "WP4 gemma-1b final grid: 3 seeds x 3 alphas, n_ctx=60"
for S in 0 1 2; do
  for A in 5e-3 2e-2 1e-1; do
    [ -f runs/gemma1b_v3/s${S}_abs${A}/summary.csv ] || $PY steer_compare_v3.py --data_dir data/gemma1b_s$S --backend torch --topk 20000 --methods grid --alpha_abs $A --n_ctx 60 --seed $S --out runs/gemma1b_v3/s${S}_abs${A}
  done
done

STAGE "WP4 gpt2 grid: 3 seeds x 3 alphas, n_ctx=60, ridge 1e-6 (default)"
for S in 0 1 2; do
  for A in 5e-3 2e-2 1e-1; do
    [ -f runs/gpt2_v3/s${S}_abs${A}/summary.csv ] || $PY steer_compare_v3.py --data_dir data/gpt2_s$S --backend torch --topk 5000 --methods grid --alpha_abs $A --n_ctx 60 --seed $S --out runs/gpt2_v3/s${S}_abs${A}
  done
done

STAGE "WP5 robustness on gemma1b_s0, alpha 5e-3, n_ctx=60"
$PY steer_compare_v3.py --data_dir data/gemma1b_s0 --backend torch --topk 20000 --methods grid --alpha_abs 5e-3 --n_ctx 60 --seed 0 --ridge_rel 1e-8 --out runs/gemma1b_v3/rob_ridge1e-8
$PY steer_compare_v3.py --data_dir data/gemma1b_s0 --backend torch --topk 20000 --methods grid --alpha_abs 5e-3 --n_ctx 60 --seed 0 --ridge_rel 1e-4 --out runs/gemma1b_v3/rob_ridge1e-4
$PY steer_compare_v3.py --data_dir data/gemma1b_s0 --backend torch --topk 20000 --methods grid --alpha_abs 5e-3 --n_ctx 60 --seed 0 --min_mass 0.5 --out runs/gemma1b_v3/rob_mm0.5
$PY steer_compare_v3.py --data_dir data/gemma1b_s0 --backend torch --topk 20000 --methods grid --alpha_abs 5e-3 --n_ctx 60 --seed 0 --min_mass 0.7 --out runs/gemma1b_v3/rob_mm0.7
$PY steer_compare_v3.py --data_dir data/gemma1b_s0 --backend torch --topk 20000 --methods grid --alpha_abs 5e-3 --n_ctx 60 --seed 0 --step_frac 0.02 --max_steps 1200 --out runs/gemma1b_v3/rob_sf0.02ms1200

STAGE "WP4.4 gemma-4b (4-bit): re-extract with expanded templates seed 0, alpha 5e-3 only"
[ -f data/gemma4b_s0/G.npy ] || $PY extract_embeddings.py --model google/gemma-3-4b-pt --dtype bfloat16 --load_in_4bit --seed 0 --out_dir data/gemma4b_s0
$PY steer_compare_v3.py --data_dir data/gemma4b_s0 --backend torch --topk 20000 --methods grid --alpha_abs 5e-3 --n_ctx 60 --seed 0 --out runs/gemma4b_v3/s0_abs5e-3

STAGE "BATCH COMPLETE"
# WP6 final
python aggregate.py            # regenerated AGGREGATE_V3.md over 27 runs
# hand-written sections 8 (Conclusions) and 9 (Limitations) appended per task doc section 4
#!/usr/bin/env bash
# V4 batch stage 1: WP-A1 regression reruns + WP-C optgap runs
set -uo pipefail
PY=/home/administrator/dev/ML/lrg_env/bin/python
STAGE() { echo "=== [$(date +%H:%M:%S)] $1 ==="; }

# the regression probe run already used exactly these params - reuse it
[ -d runs/gemma1b_v4/s0_abs5e-3 ] || mv runs/gemma1b_v4/regress_s0_abs5e-3 runs/gemma1b_v4/s0_abs5e-3

STAGE "WP-A1: gemma-1b 3 seeds x 3 alphas (v4, identical params to V3)"
for S in 0 1 2; do
  for A in 5e-3 2e-2 1e-1; do
    [ -f runs/gemma1b_v4/s${S}_abs${A}/summary.csv ] || $PY steer_compare_v4.py --data_dir data/gemma1b_s$S --backend torch --topk 20000 --methods grid --alpha_abs $A --n_ctx 60 --seed $S --filter mass --min_mass 0.15 --out runs/gemma1b_v4/s${S}_abs${A}
  done
done

STAGE "WP-A1: gpt2 3 seeds x 3 alphas"
for S in 0 1 2; do
  for A in 5e-3 2e-2 1e-1; do
    [ -f runs/gpt2_v4/s${S}_abs${A}/summary.csv ] || $PY steer_compare_v4.py --data_dir data/gpt2_s$S --backend torch --topk 5000 --methods grid --alpha_abs $A --n_ctx 60 --seed $S --filter mass --min_mass 0.15 --out runs/gpt2_v4/s${S}_abs${A}
  done
done

STAGE "WP-A1: gemma-4b seed 0, alpha 5e-3"
[ -f runs/gemma4b_v4/s0_abs5e-3/summary.csv ] || $PY steer_compare_v4.py --data_dir data/gemma4b_s0 --backend torch --topk 20000 --methods grid --alpha_abs 5e-3 --n_ctx 60 --seed 0 --filter mass --min_mass 0.15 --out runs/gemma4b_v4/s0_abs5e-3

STAGE "WP-C: optgap runs"
for A in 5e-3 1e-1; do
  [ -f runs/gemma1b_v4/optgap_s0_abs${A}/summary.csv ] || $PY steer_compare_v4.py --data_dir data/gemma1b_s0 --backend torch --topk 20000 --methods grid --alpha_abs $A --n_ctx 60 --optgap 20 --seed 0 --out runs/gemma1b_v4/optgap_s0_abs${A}
done
for S in 1 2; do
  [ -f runs/gemma1b_v4/optgap_s${S}_abs5e-3/summary.csv ] || $PY steer_compare_v4.py --data_dir data/gemma1b_s$S --backend torch --topk 20000 --methods grid --alpha_abs 5e-3 --n_ctx 60 --optgap 20 --seed $S --out runs/gemma1b_v4/optgap_s${S}_abs5e-3
done
[ -f runs/gpt2_v4/optgap_s0_abs5e-3/summary.csv ] || $PY steer_compare_v4.py --data_dir data/gpt2_s0 --backend torch --topk 5000 --methods grid --alpha_abs 5e-3 --n_ctx 60 --optgap 20 --seed 0 --out runs/gpt2_v4/optgap_s0_abs5e-3

STAGE "STAGE 1 COMPLETE"
# V4 WP-A0
python steer_compare_v4.py --selftest
python steer_compare_v4.py --synthetic --backend numpy --n_ctx 10 --max_steps 100 --topk 1500 --optgap 3 --out runs/syn_v4_np
python steer_compare_v4.py --synthetic --backend torch --n_ctx 10 --max_steps 100 --topk 1500 --optgap 3 --out runs/syn_v4_torch
# V4 regression fix probe (pre-fix FAIL 48.9% cells; post-fix 0.0) - see DEVIATIONS.md V4.1
python steer_compare_v4.py --data_dir data/gemma1b_s0 --backend torch --topk 20000 --methods grid --alpha_abs 5e-3 --n_ctx 60 --seed 0 --filter mass --min_mass 0.15 --out runs/gemma1b_v4/s0_abs5e-3
# C4 smoke/probe
python extract_embeddings.py --model google/gemma-3-1b-pt --dtype bfloat16 --seed 99 --ctx_source c4 --c4_docs 300 --out_dir data/c4_smoke
# V4 WP-A1 batch (run_v4a.sh): gemma1b 3x3, gpt2 3x3, gemma4b s0@5e-3 - all 19 bit-identical to V3 (max diff 0.0)
# V4 WP-C optgap runs (in run_v4a.sh, running)
